[01:37:33] [ServerMain/INFO]: [bootstrap] Running Java 21 (OpenJDK 64-Bit Server VM 21.0.8+9-LTS; Red Hat, Inc. (Red_Hat-21.0.8.0.9-1)) on Linux 5.14.0-621.el9.x86_64 (amd64)
[01:37:33] [ServerMain/INFO]: [bootstrap] Loading Paper 1.21.8-60-main@29c8822 (2025-09-06T21:49:13Z) for Minecraft 1.21.8
[01:37:34] [ServerMain/INFO]: [PluginInitializerManager] Initializing plugins...
[01:37:34] [ServerMain/INFO]: [PluginInitializerManager] Initialized 6 plugins
[01:37:34] [ServerMain/INFO]: [PluginInitializerManager] Bukkit plugins (6):
 - Essentials (2.21.2), EssentialsChat (2.21.2), LuckPerms (5.5.17), PlayerCarry (1.1), TAB (5.3.2), Vault (1.7.3-b131)
[01:37:38] [ServerMain/INFO]: Environment: Environment[sessionHost=https://sessionserver.mojang.com, servicesHost=https://api.minecraftservices.com, name=PROD]
[01:37:38] [ServerMain/INFO]: Found new data pack file/bukkit, loading it automatically
[01:37:38] [ServerMain/INFO]: Found new data pack paper, loading it automatically
[01:37:39] [ServerMain/INFO]: No existing world data, creating new world
[01:37:39] [ServerMain/INFO]: Loaded 1407 recipes
[01:37:39] [ServerMain/INFO]: Loaded 1520 advancements
[01:37:39] [ServerMain/INFO]: [ca.spottedleaf.dataconverter.minecraft.datatypes.MCTypeRegistry] Initialising converters for DataConverter...
[01:37:40] [ServerMain/INFO]: [ca.spottedleaf.dataconverter.minecraft.datatypes.MCTypeRegistry] Finished initialising converters for DataConverter in 347.4ms
[01:37:40] [Server thread/INFO]: Starting minecraft server version 1.21.8
[01:37:40] [Server thread/INFO]: Loading properties
[01:37:40] [Server thread/INFO]: This server is running Paper version 1.21.8-60-main@29c8822 (2025-09-06T21:49:13Z) (Implementing API version 1.21.8-R0.1-SNAPSHOT)
[01:37:40] [Server thread/INFO]: [spark] This server bundles the spark profiler. For more information please visit https://docs.papermc.io/paper/profiling
[01:37:40] [Server thread/INFO]: Server Ping Player Sample Count: 12
[01:37:40] [Server thread/INFO]: Using 4 threads for Netty based IO
[01:37:41] [Server thread/INFO]: [MoonriseCommon] Paper is using 4 worker threads, 1 I/O threads
[01:37:41] [Server thread/INFO]: [ChunkTaskScheduler] Chunk system is using population gen parallelism: true
[01:37:41] [Server thread/INFO]: Default game type: SURVIVAL
[01:37:41] [Server thread/INFO]: Generating keypair
[01:37:41] [Server thread/INFO]: Starting Minecraft server on *:25471
[01:37:41] [Server thread/INFO]: Using epoll channel type
[01:37:41] [Server thread/INFO]: Paper: Using libdeflate (Linux x86_64) compression from Velocity.
[01:37:41] [Server thread/INFO]: Paper: Using OpenSSL 3.x.x (Linux x86_64) cipher from Velocity.
[01:37:41] [Server thread/INFO]: [LuckPerms] Loading server plugin LuckPerms v5.5.17
[01:37:41] [Server thread/INFO]: [LuckPerms] Loading configuration...
[01:37:41] [Server thread/INFO]: [Vault] Loading server plugin Vault v1.7.3-b131
[01:37:41] [Server thread/INFO]: [Essentials] Loading server plugin Essentials v2.21.2
[01:37:41] [Server thread/INFO]: [PlayerCarry] Loading server plugin PlayerCarry v1.1
[01:37:41] [Server thread/INFO]: [TAB] Loading server plugin TAB v5.3.2
[01:37:41] [Server thread/INFO]: [EssentialsChat] Loading server plugin EssentialsChat v2.21.2
[01:37:41] [Server thread/INFO]: Server permissions file permissions.yml is empty, ignoring it
[01:37:41] [Server thread/INFO]: [LuckPerms] Enabling LuckPerms v5.5.17
[01:37:42] [Server thread/INFO]:         __    
[01:37:42] [Server thread/INFO]:   |    |__)   LuckPerms v5.5.17
[01:37:42] [Server thread/INFO]:   |___ |      Running on Bukkit - Paper
[01:37:42] [Server thread/INFO]: 
[01:37:42] [Server thread/INFO]: [LuckPerms] Loading storage provider... [H2]
[01:37:42] [Server thread/INFO]: [LuckPerms] Loading internal permission managers...
[01:37:42] [Server thread/INFO]: [LuckPerms] Performing initial data load...
[01:37:42] [Server thread/INFO]: [LuckPerms] Successfully enabled. (took 891ms)
[01:37:42] [Server thread/INFO]: [Vault] Enabling Vault v1.7.3-b131
[01:37:42] [Server thread/INFO]: [Vault] [Economy] Essentials Economy found: Waiting
[01:37:42] [Server thread/INFO]: [Vault] [Permission] SuperPermissions loaded as backup permission system.
[01:37:42] [Server thread/INFO]: [Vault] Enabled Version 1.7.3-b131
[01:37:42] [Server thread/INFO]: [LuckPerms] Registered Vault permission & chat hook.
[01:37:42] [Server thread/WARN]: **** SERVER IS RUNNING IN OFFLINE/INSECURE MODE!
[01:37:42] [Server thread/WARN]: The server will make no attempt to authenticate usernames. Beware.
[01:37:42] [Server thread/WARN]: Whilst this makes it possible to use Velocity, unless access to your server is properly restricted, it also opens up the ability for hackers to connect with any username they choose.
[01:37:42] [Server thread/WARN]: Please see https://docs.papermc.io/velocity/security for further information.
[01:37:42] [Server thread/WARN]: To change this, set "online-mode" to "true" in the server.properties file.
[01:37:42] [Server thread/INFO]: Preparing level "modifiedsurvival"
[01:37:46] [Server thread/INFO]: Preparing start region for dimension minecraft:overworld
[01:37:46] [Server thread/INFO]: Preparing spawn area: 2%
[01:37:46] [Server thread/INFO]: Preparing spawn area: 2%
[01:37:47] [Server thread/INFO]: Preparing spawn area: 30%
[01:37:48] [Server thread/INFO]: Preparing spawn area: 63%
[01:37:48] [Server thread/INFO]: Time elapsed: 1929 ms
[01:37:48] [Server thread/INFO]: Preparing start region for dimension minecraft:the_nether
[01:37:48] [Server thread/INFO]: Preparing spawn area: 2%
[01:37:48] [Server thread/INFO]: Preparing spawn area: 61%
[01:37:48] [Server thread/INFO]: Time elapsed: 531 ms
[01:37:48] [Server thread/INFO]: Preparing start region for dimension minecraft:the_end
[01:37:48] [Server thread/INFO]: Preparing spawn area: 2%
[01:37:49] [Server thread/INFO]: Time elapsed: 126 ms
[01:37:49] [Server thread/INFO]: [Essentials] Enabling Essentials v2.21.2
[01:37:49] [Server thread/INFO]: [Essentials] Attempting to convert old kits in config.yml to new kits.yml
[01:37:49] [Server thread/INFO]: [Essentials] No kits found to migrate.
[01:37:49] [Server thread/INFO]: [Essentials] Selected Paper Known Commands Provider as the provider for KnownCommandsProvider
[01:37:49] [Server thread/INFO]: [Essentials] Selected 1.20.5+ Banner Data Provider as the provider for BannerDataProvider
[01:37:49] [Server thread/INFO]: [Essentials] Selected 1.21+ InventoryView Interface ABI Provider as the provider for InventoryViewProvider
[01:37:49] [Server thread/INFO]: [Essentials] Selected 1.12.2+ Player Locale Provider as the provider for PlayerLocaleProvider
[01:37:49] [Server thread/INFO]: [Essentials] Selected 1.20.6+ Potion Meta Provider as the provider for PotionMetaProvider
[01:37:49] [Server thread/INFO]: [Essentials] Selected 1.12+ Spawner Block Provider as the provider for SpawnerBlockProvider
[01:37:49] [Server thread/INFO]: [Essentials] Selected 1.17.1+ World Info Provider as the provider for WorldInfoProvider
[01:37:49] [Server thread/INFO]: [Essentials] Selected Paper Biome Key Provider as the provider for BiomeKeyProvider
[01:37:49] [Server thread/INFO]: [Essentials] Selected Reflection Online Mode Provider as the provider for OnlineModeProvider
[01:37:49] [Server thread/INFO]: [Essentials] Selected Paper Tick Count Provider as the provider for TickCountProvider
[01:37:49] [Server thread/INFO]: [Essentials] Selected 1.11+ Item Unbreakable Provider as the provider for ItemUnbreakableProvider
[01:37:49] [Server thread/INFO]: [Essentials] Selected Reflection Formatted Command Alias Provider as the provider for FormattedCommandAliasProvider
[01:37:49] [Server thread/INFO]: [Essentials] Selected Paper Serialization Provider as the provider for SerializationProvider
[01:37:49] [Server thread/INFO]: [Essentials] Selected 1.21.4+ Sync Commands Provider as the provider for SyncCommandsProvider
[01:37:49] [Server thread/INFO]: [Essentials] Selected 1.13+ Spawn Egg Provider as the provider for SpawnEggProvider
[01:37:49] [Server thread/INFO]: [Essentials] Selected Paper Server State Provider as the provider for ServerStateProvider
[01:37:49] [Server thread/INFO]: [Essentials] Selected 1.14+ Sign Data Provider as the provider for SignDataProvider
[01:37:49] [Server thread/INFO]: [Essentials] Selected 1.8.3+ Spawner Item Provider as the provider for SpawnerItemProvider
[01:37:49] [Server thread/INFO]: [Essentials] Selected Legacy Biome Name Provider as the provider for BiomeNameProvider
[01:37:49] [Server thread/INFO]: [Essentials] Selected Paper Material Tag Provider as the provider for MaterialTagProvider
[01:37:49] [Server thread/INFO]: [Essentials] Selected Paper Container Provider as the provider for ContainerProvider
[01:37:49] [Server thread/INFO]: [Essentials] Selected 1.20.4+ Damage Event Provider as the provider for DamageEventProvider
[01:37:49] [Server thread/INFO]: [Essentials] Selected 1.14.4+ Persistent Data Container Provider as the provider for PersistentDataProvider
[01:37:49] [Server thread/INFO]: [Essentials] Loaded 43880 items from items.json.
[01:37:49] [Server thread/INFO]: [Essentials] Using locale en_US
[01:37:50] [Server thread/INFO]: [Essentials] ServerListPingEvent: Spigot iterator API
[01:37:50] [Server thread/INFO]: [Essentials] Starting Metrics. Opt-out using the global bStats config.
[01:37:50] [Server thread/INFO]: [Vault] [Economy] Essentials Economy hooked.
[01:37:50] [Server thread/INFO]: [Essentials] Using Vault based permissions (LuckPerms)
[01:37:50] [Server thread/INFO]: [PlayerCarry] Enabling PlayerCarry v1.1
[01:37:50] [Server thread/INFO]: [TAB] Enabling TAB v5.3.2
[01:37:50] [Server thread/INFO]: [TAB] Enabled in 227ms
[01:37:50] [Server thread/INFO]: [EssentialsChat] Enabling EssentialsChat v2.21.2
[01:37:50] [Server thread/INFO]: [EssentialsChat] Starting Metrics. Opt-out using the global bStats config.
[01:37:50] [Server thread/INFO]: [spark] Starting background profiler...
[01:37:50] [Server thread/INFO]: Done preparing level "modifiedsurvival" (7.921s)
[01:37:50] [Server thread/INFO]: Running delayed init tasks
[01:37:50] [Server thread/INFO]: [Essentials] Essentials found a compatible payment resolution method: Vault Compatibility Layer (v1.7.3-b131)!
[01:37:50] [Craft Scheduler Thread - 3 - Essentials/INFO]: [Essentials] Fetching version information...
[01:37:50] [Server thread/INFO]: Done (17.796s)! For help, type "help"
[01:37:50] [Craft Scheduler Thread - 4 - Vault/INFO]: [Vault] Checking for Updates ... 
[01:37:50] [Craft Scheduler Thread - 4 - Vault/INFO]: [Vault] No new version available
[01:37:52] [Server thread/INFO]: Stopping the server
[01:37:52] [Server thread/INFO]: Stopping server
[01:37:52] [Server thread/INFO]: [EssentialsChat] Disabling EssentialsChat v2.21.2
[01:37:52] [Server thread/INFO]: [TAB] Disabling TAB v5.3.2
[01:37:52] [Server thread/INFO]: [TAB] Disabled in 1ms
[01:37:52] [Server thread/INFO]: [PlayerCarry] Disabling PlayerCarry v1.1
[01:37:52] [Server thread/INFO]: [Essentials] Disabling Essentials v2.21.2
[01:37:52] [Server thread/INFO]: [Vault] [Economy] Essentials Economy unhooked.
[01:37:52] [Server thread/INFO]: [Vault] Disabling Vault v1.7.3-b131
[01:37:52] [Server thread/INFO]: [LuckPerms] Disabling LuckPerms v5.5.17
[01:37:52] [Server thread/INFO]: [LuckPerms] Starting shutdown process...
[01:37:52] [Server thread/INFO]: [LuckPerms] Closing storage...
[01:37:52] [Server thread/INFO]: [LuckPerms] Goodbye!
[01:37:52] [Server thread/INFO]: Saving players
[01:37:52] [Server thread/INFO]: Saving worlds
[01:37:52] [Server thread/INFO]: Saving chunks for level 'ServerLevel[modifiedsurvival]'/minecraft:overworld
[01:37:52] [Server thread/INFO]: [ChunkHolderManager] Waiting 60s for chunk system to halt for world 'modifiedsurvival'
[01:37:52] [Server thread/INFO]: [ChunkHolderManager] Halted chunk system for world 'modifiedsurvival'
[01:37:52] [Server thread/INFO]: [ChunkHolderManager] Saving all chunkholders for world 'modifiedsurvival'
[01:37:52] [Server thread/INFO]: [ChunkHolderManager] Saved 841 block chunks, 49 entity chunks, 2 poi chunks in world 'modifiedsurvival' in 0.32s
[01:37:52] [Server thread/INFO]: [ChunkHolderManager] Waiting 60s for chunk I/O to halt for world 'modifiedsurvival'
[01:37:52] [Server thread/INFO]: [ChunkHolderManager] Halted I/O scheduler for world 'modifiedsurvival'
[01:37:52] [Server thread/INFO]: Saving chunks for level 'ServerLevel[modifiedsurvival_nether]'/minecraft:the_nether
[01:37:52] [Server thread/INFO]: [ChunkHolderManager] Waiting 60s for chunk system to halt for world 'modifiedsurvival_nether'
[01:37:52] [Server thread/INFO]: [ChunkHolderManager] Halted chunk system for world 'modifiedsurvival_nether'
[01:37:52] [Server thread/INFO]: [ChunkHolderManager] Saving all chunkholders for world 'modifiedsurvival_nether'
[01:37:52] [Server thread/INFO]: [ChunkHolderManager] Saved 841 block chunks, 49 entity chunks, 0 poi chunks in world 'modifiedsurvival_nether' in 0.17s
[01:37:53] [Server thread/INFO]: [ChunkHolderManager] Waiting 60s for chunk I/O to halt for world 'modifiedsurvival_nether'
[01:37:53] [Server thread/INFO]: [ChunkHolderManager] Halted I/O scheduler for world 'modifiedsurvival_nether'
[01:37:53] [Server thread/INFO]: Saving chunks for level 'ServerLevel[modifiedsurvival_the_end]'/minecraft:the_end
[01:37:53] [Server thread/INFO]: [ChunkHolderManager] Waiting 60s for chunk system to halt for world 'modifiedsurvival_the_end'
[01:37:53] [Server thread/INFO]: [ChunkHolderManager] Halted chunk system for world 'modifiedsurvival_the_end'
[01:37:53] [Server thread/INFO]: [ChunkHolderManager] Saving all chunkholders for world 'modifiedsurvival_the_end'
[01:37:53] [Server thread/INFO]: [ChunkHolderManager] Saved 841 block chunks, 49 entity chunks, 0 poi chunks in world 'modifiedsurvival_the_end' in 0.11s
[01:37:53] [Server thread/INFO]: [ChunkHolderManager] Waiting 60s for chunk I/O to halt for world 'modifiedsurvival_the_end'
[01:37:53] [Server thread/INFO]: [ChunkHolderManager] Halted I/O scheduler for world 'modifiedsurvival_the_end'
[01:37:53] [Server thread/INFO]: ThreadedAnvilChunkStorage (modifiedsurvival): All chunks are saved
[01:37:53] [Server thread/INFO]: ThreadedAnvilChunkStorage (DIM-1): All chunks are saved
[01:37:53] [Server thread/INFO]: ThreadedAnvilChunkStorage (DIM1): All chunks are saved
[01:37:53] [Server thread/INFO]: ThreadedAnvilChunkStorage: All dimensions are saved
[01:37:53] [Server thread/INFO]: Waiting for all RegionFile I/O tasks to complete...
[01:37:53] [Server thread/INFO]: All RegionFile I/O tasks to complete
[01:37:53] [Server thread/INFO]: [MoonriseCommon] Awaiting termination of worker pool for up to 60s...
[01:37:53] [Server thread/INFO]: [MoonriseCommon] Awaiting termination of I/O pool for up to 60s...
