[00:22:15] [ServerMain/INFO]: [bootstrap] Running Java 21 (OpenJDK 64-Bit Server VM 21.0.8+9-LTS; Red Hat, Inc. (Red_Hat-21.0.8.0.9-1)) on Linux 5.14.0-621.el9.x86_64 (amd64)
[00:22:15] [ServerMain/INFO]: [bootstrap] Loading Paper 1.21.8-60-main@29c8822 (2025-09-06T21:49:13Z) for Minecraft 1.21.8
[00:22:15] [ServerMain/INFO]: [PluginInitializerManager] Initializing plugins...
[00:22:15] [Paper Plugin Remapper Thread - 2/INFO]: [PluginRemapper] Remapping plugin 'plugins/RJ_HubPlugin-1.0-SNAPSHOT.jar'...
[00:22:15] [Paper Plugin Remapper Thread - 2/INFO]: [PluginRemapper] Done remapping plugin 'plugins/RJ_HubPlugin-1.0-SNAPSHOT.jar' in 258ms.
[00:22:16] [ServerMain/INFO]: [PluginInitializerManager] Initialized 11 plugins
[00:22:16] [ServerMain/INFO]: [PluginInitializerManager] Paper plugins (1):
 - FancyHolograms (2.8.0)
[00:22:16] [ServerMain/INFO]: [PluginInitializerManager] Bukkit plugins (10):
 - AxiomPaper (5.0.1+1.21.8), Essentials (2.21.2), EssentialsChat (2.21.2), LuckPerms (5.5.17), PlayerCarry (1.1), RJ_HubPlugin (1.0-SNAPSHOT), TAB (5.3.2), Vault (1.7.3-b131), WorldEdit (7.3.16+cbf4bd5), WorldGuard (7.0.14+2339-43997ec)
[00:22:20] [ServerMain/INFO]: Environment: Environment[sessionHost=https://sessionserver.mojang.com, servicesHost=https://api.minecraftservices.com, name=PROD]
[00:22:20] [ServerMain/INFO]: [ca.spottedleaf.dataconverter.minecraft.datatypes.MCTypeRegistry] Initialising converters for DataConverter...
[00:22:20] [ServerMain/INFO]: [ca.spottedleaf.dataconverter.minecraft.datatypes.MCTypeRegistry] Finished initialising converters for DataConverter in 347.9ms
[00:22:22] [ServerMain/INFO]: Loaded 1407 recipes
[00:22:22] [ServerMain/INFO]: Loaded 1520 advancements
[00:22:22] [Server thread/INFO]: Starting minecraft server version 1.21.8
[00:22:22] [Server thread/INFO]: Loading properties
[00:22:22] [Server thread/INFO]: This server is running Paper version 1.21.8-60-main@29c8822 (2025-09-06T21:49:13Z) (Implementing API version 1.21.8-R0.1-SNAPSHOT)
[00:22:22] [Server thread/INFO]: [spark] This server bundles the spark profiler. For more information please visit https://docs.papermc.io/paper/profiling
[00:22:22] [Server thread/INFO]: Server Ping Player Sample Count: 12
[00:22:22] [Server thread/INFO]: Using 4 threads for Netty based IO
[00:22:22] [Server thread/INFO]: [MoonriseCommon] Paper is using 4 worker threads, 1 I/O threads
[00:22:22] [Server thread/INFO]: [ChunkTaskScheduler] Chunk system is using population gen parallelism: true
[00:22:22] [Server thread/INFO]: Default game type: SURVIVAL
[00:22:22] [Server thread/INFO]: Generating keypair
[00:22:22] [Server thread/INFO]: Starting Minecraft server on *:25467
[00:22:22] [Server thread/INFO]: Using epoll channel type
[00:22:22] [Server thread/INFO]: Paper: Using libdeflate (Linux x86_64) compression from Velocity.
[00:22:22] [Server thread/INFO]: Paper: Using OpenSSL 3.x.x (Linux x86_64) cipher from Velocity.
[00:22:23] [Server thread/INFO]: [LuckPerms] Loading server plugin LuckPerms v5.5.17
[00:22:23] [Server thread/INFO]: [LuckPerms] Loading configuration...
[00:22:23] [Server thread/INFO]: [Vault] Loading server plugin Vault v1.7.3-b131
[00:22:23] [Server thread/INFO]: [WorldEdit] Loading server plugin WorldEdit v7.3.16+cbf4bd5
[00:22:24] [Server thread/INFO]: Got request to register class com.sk89q.worldedit.bukkit.BukkitServerInterface with WorldEdit [com.sk89q.worldedit.extension.platform.PlatformManager@34be7586]
[00:22:24] [Server thread/INFO]: [WorldGuard] Loading server plugin WorldGuard v7.0.14+2339-43997ec
[00:22:24] [Server thread/INFO]: [Essentials] Loading server plugin Essentials v2.21.2
[00:22:24] [Server thread/INFO]: [RJ_HubPlugin] Loading server plugin RJ_HubPlugin v1.0-SNAPSHOT
[00:22:24] [Server thread/INFO]: [PlayerCarry] Loading server plugin PlayerCarry v1.1
[00:22:24] [Server thread/INFO]: [TAB] Loading server plugin TAB v5.3.2
[00:22:24] [Server thread/INFO]: [FancyHolograms] Loading server plugin FancyHolograms v2.8.0
[00:22:24] [Server thread/INFO]: [AxiomPaper] Loading server plugin AxiomPaper v5.0.1+1.21.8
[00:22:24] [Server thread/INFO]: [EssentialsChat] Loading server plugin EssentialsChat v2.21.2
[00:22:24] [FancyLogger/INFO]: [FancyHolograms] (Server thread) INFO: Successfully loaded FancyHolograms version 2.8.0
[00:22:24] [Server thread/INFO]: Server permissions file permissions.yml is empty, ignoring it
[00:22:24] [Server thread/INFO]: [LuckPerms] Enabling LuckPerms v5.5.17
[00:22:24] [Server thread/INFO]:         __    
[00:22:24] [Server thread/INFO]:   |    |__)   LuckPerms v5.5.17
[00:22:24] [Server thread/INFO]:   |___ |      Running on Bukkit - Paper
[00:22:24] [Server thread/INFO]: 
[00:22:24] [Server thread/INFO]: [LuckPerms] Loading storage provider... [H2]
[00:22:24] [Server thread/INFO]: [LuckPerms] Loading internal permission managers...
[00:22:24] [Server thread/INFO]: [LuckPerms] Performing initial data load...
[00:22:24] [Server thread/INFO]: [LuckPerms] Successfully enabled. (took 962ms)
[00:22:24] [Server thread/INFO]: [Vault] Enabling Vault v1.7.3-b131
[00:22:25] [Server thread/INFO]: [Vault] [Economy] Essentials Economy found: Waiting
[00:22:25] [Server thread/INFO]: [Vault] [Permission] SuperPermissions loaded as backup permission system.
[00:22:25] [Server thread/INFO]: [Vault] Enabled Version 1.7.3-b131
[00:22:25] [Server thread/INFO]: [LuckPerms] Registered Vault permission & chat hook.
[00:22:25] [Server thread/INFO]: [WorldEdit] Enabling WorldEdit v7.3.16+cbf4bd5
[00:22:25] [Server thread/INFO]: Registering commands with com.sk89q.worldedit.bukkit.BukkitServerInterface
[00:22:25] [Server thread/INFO]: WEPIF: Vault detected! Using Vault for permissions
[00:22:25] [Server thread/INFO]: Using com.sk89q.worldedit.bukkit.adapter.impl.v1_21_6.PaperweightAdapter as the Bukkit adapter
[00:22:26] [Server thread/WARN]: **** SERVER IS RUNNING IN OFFLINE/INSECURE MODE!
[00:22:26] [Server thread/WARN]: The server will make no attempt to authenticate usernames. Beware.
[00:22:26] [Server thread/WARN]: Whilst this makes it possible to use Velocity, unless access to your server is properly restricted, it also opens up the ability for hackers to connect with any username they choose.
[00:22:26] [Server thread/WARN]: Please see https://docs.papermc.io/velocity/security for further information.
[00:22:26] [Server thread/WARN]: To change this, set "online-mode" to "true" in the server.properties file.
[00:22:26] [Server thread/INFO]: Preparing level "hub"
[00:22:26] [Server thread/INFO]: Preparing start region for dimension minecraft:overworld
[00:22:27] [Server thread/INFO]: Preparing spawn area: 0%
[00:22:27] [Server thread/INFO]: Time elapsed: 221 ms
[00:22:27] [Server thread/INFO]: Preparing start region for dimension minecraft:the_nether
[00:22:27] [Server thread/INFO]: Preparing spawn area: 0%
[00:22:27] [Server thread/INFO]: Time elapsed: 406 ms
[00:22:27] [Server thread/INFO]: Preparing start region for dimension minecraft:the_end
[00:22:27] [Server thread/INFO]: Preparing spawn area: 0%
[00:22:27] [Server thread/INFO]: Time elapsed: 44 ms
[00:22:27] [Server thread/INFO]: [WorldGuard] Enabling WorldGuard v7.0.14+2339-43997ec
[00:22:27] [Server thread/INFO]: [WorldGuard] (hub) TNT ignition is PERMITTED.
[00:22:27] [Server thread/INFO]: [WorldGuard] (hub) Lighters are PERMITTED.
[00:22:27] [Server thread/INFO]: [WorldGuard] (hub) Lava fire is PERMITTED.
[00:22:27] [Server thread/INFO]: [WorldGuard] (hub) Fire spread is UNRESTRICTED.
[00:22:27] [Server thread/INFO]: [WorldGuard] Loaded configuration for world 'hub'
[00:22:27] [Server thread/INFO]: [WorldGuard] (hub_nether) TNT ignition is PERMITTED.
[00:22:27] [Server thread/INFO]: [WorldGuard] (hub_nether) Lighters are PERMITTED.
[00:22:27] [Server thread/INFO]: [WorldGuard] (hub_nether) Lava fire is PERMITTED.
[00:22:27] [Server thread/INFO]: [WorldGuard] (hub_nether) Fire spread is UNRESTRICTED.
[00:22:27] [Server thread/INFO]: [WorldGuard] Loaded configuration for world 'hub_nether'
[00:22:27] [Server thread/INFO]: [WorldGuard] (hub_the_end) TNT ignition is PERMITTED.
[00:22:27] [Server thread/INFO]: [WorldGuard] (hub_the_end) Lighters are PERMITTED.
[00:22:27] [Server thread/INFO]: [WorldGuard] (hub_the_end) Lava fire is PERMITTED.
[00:22:27] [Server thread/INFO]: [WorldGuard] (hub_the_end) Fire spread is UNRESTRICTED.
[00:22:27] [Server thread/INFO]: [WorldGuard] Loaded configuration for world 'hub_the_end'
[00:22:27] [Server thread/INFO]: [WorldGuard] Loading region data...
[00:22:27] [Server thread/INFO]: [Essentials] Enabling Essentials v2.21.2
[00:22:28] [Server thread/INFO]: [Essentials] Attempting to convert old kits in config.yml to new kits.yml
[00:22:28] [Server thread/INFO]: [Essentials] No kits found to migrate.
[00:22:28] [Server thread/INFO]: [Essentials] Selected Paper Tick Count Provider as the provider for TickCountProvider
[00:22:28] [Server thread/INFO]: [Essentials] Selected Paper Material Tag Provider as the provider for MaterialTagProvider
[00:22:28] [Server thread/INFO]: [Essentials] Selected 1.14.4+ Persistent Data Container Provider as the provider for PersistentDataProvider
[00:22:28] [Server thread/INFO]: [Essentials] Selected 1.21+ InventoryView Interface ABI Provider as the provider for InventoryViewProvider
[00:22:28] [Server thread/INFO]: [Essentials] Selected 1.20.4+ Damage Event Provider as the provider for DamageEventProvider
[00:22:28] [Server thread/INFO]: [Essentials] Selected Paper Biome Key Provider as the provider for BiomeKeyProvider
[00:22:28] [Server thread/INFO]: [Essentials] Selected 1.14+ Sign Data Provider as the provider for SignDataProvider
[00:22:28] [Server thread/INFO]: [Essentials] Selected 1.21.4+ Sync Commands Provider as the provider for SyncCommandsProvider
[00:22:28] [Server thread/INFO]: [Essentials] Selected Legacy Biome Name Provider as the provider for BiomeNameProvider
[00:22:28] [Server thread/INFO]: [Essentials] Selected 1.20.5+ Banner Data Provider as the provider for BannerDataProvider
[00:22:28] [Server thread/INFO]: [Essentials] Selected 1.12.2+ Player Locale Provider as the provider for PlayerLocaleProvider
[00:22:28] [Server thread/INFO]: [Essentials] Selected Reflection Formatted Command Alias Provider as the provider for FormattedCommandAliasProvider
[00:22:28] [Server thread/INFO]: [Essentials] Selected 1.8.3+ Spawner Item Provider as the provider for SpawnerItemProvider
[00:22:28] [Server thread/INFO]: [Essentials] Selected Paper Serialization Provider as the provider for SerializationProvider
[00:22:28] [Server thread/INFO]: [Essentials] Selected Reflection Online Mode Provider as the provider for OnlineModeProvider
[00:22:28] [Server thread/INFO]: [Essentials] Selected Paper Known Commands Provider as the provider for KnownCommandsProvider
[00:22:28] [Server thread/INFO]: [Essentials] Selected 1.11+ Item Unbreakable Provider as the provider for ItemUnbreakableProvider
[00:22:28] [Server thread/INFO]: [Essentials] Selected 1.20.6+ Potion Meta Provider as the provider for PotionMetaProvider
[00:22:28] [Server thread/INFO]: [Essentials] Selected 1.13+ Spawn Egg Provider as the provider for SpawnEggProvider
[00:22:28] [Server thread/INFO]: [Essentials] Selected 1.17.1+ World Info Provider as the provider for WorldInfoProvider
[00:22:28] [Server thread/INFO]: [Essentials] Selected Paper Container Provider as the provider for ContainerProvider
[00:22:28] [Server thread/INFO]: [Essentials] Selected Paper Server State Provider as the provider for ServerStateProvider
[00:22:28] [Server thread/INFO]: [Essentials] Selected 1.12+ Spawner Block Provider as the provider for SpawnerBlockProvider
[00:22:28] [Server thread/INFO]: [Essentials] Loaded 43880 items from items.json.
[00:22:28] [Server thread/INFO]: [Essentials] Using locale en_US
[00:22:28] [Server thread/INFO]: [Essentials] ServerListPingEvent: Spigot iterator API
[00:22:28] [Server thread/INFO]: [Essentials] Starting Metrics. Opt-out using the global bStats config.
[00:22:28] [Server thread/INFO]: [Vault] [Economy] Essentials Economy hooked.
[00:22:28] [Server thread/INFO]: [Essentials] Using Vault based permissions (LuckPerms)
[00:22:28] [Server thread/INFO]: [RJ_HubPlugin] Enabling RJ_HubPlugin v1.0-SNAPSHOT
[00:22:28] [Server thread/INFO]: [PlayerCarry] Enabling PlayerCarry v1.1
[00:22:28] [Server thread/INFO]: [TAB] Enabling TAB v5.3.2
[00:22:29] [Server thread/INFO]: [TAB] Enabled in 343ms
[00:22:29] [Server thread/INFO]: [FancyHolograms] Enabling FancyHolograms v2.8.0
[00:22:29] [FancyLogger/INFO]: [FancyHolograms] (FancyHolograms-Holograms) WARN: No holograms section found in config
[00:22:29] [FancyLogger/INFO]: [FancyHolograms] (FancyHolograms-Holograms) WARN: No holograms section found in config
[00:22:29] [FancyLogger/INFO]: [FancyHolograms] (FancyHolograms-Holograms) WARN: No holograms section found in config
[00:22:29] [FancyLogger/INFO]: [FancyHolograms] (Server thread) INFO: Successfully enabled FancyHolograms version 2.8.0
[00:22:29] [Server thread/INFO]: [AxiomPaper] Enabling AxiomPaper v5.0.1+1.21.8
[00:22:29] [Server thread/INFO]: [EssentialsChat] Enabling EssentialsChat v2.21.2
[00:22:29] [Server thread/INFO]: [EssentialsChat] Starting Metrics. Opt-out using the global bStats config.
[00:22:29] [Server thread/INFO]: [spark] Starting background profiler...
[00:22:29] [Server thread/INFO]: Done preparing level "hub" (3.613s)
[00:22:29] [Server thread/INFO]: Running delayed init tasks
[00:22:30] [Server thread/INFO]: [Essentials] Essentials found a compatible payment resolution method: Vault Compatibility Layer (v1.7.3-b131)!
[00:22:30] [Craft Scheduler Thread - 3 - Essentials/INFO]: [Essentials] Fetching version information...
[00:22:30] [Server thread/INFO]: Done (15.681s)! For help, type "help"
[00:22:30] [Craft Scheduler Thread - 4 - Vault/INFO]: [Vault] Checking for Updates ... 
[00:22:30] [Craft Scheduler Thread - 4 - Vault/INFO]: [Vault] No new version available
[00:23:17] [User Authenticator #0/INFO]: UUID of player RjsMc is 2ab00473-091a-46c1-80e9-d7f1b7f1485c
[00:23:17] [Server thread/INFO]: [HorriblePlayerLoginEventHack] You have plugins listening to the PlayerLoginEvent, this will cause re-configuration APIs to be unavailable: [LuckPerms, Essentials, WorldGuard]
[00:23:18] [Server thread/INFO]: Environment: Environment[sessionHost=https://sessionserver.mojang.com, servicesHost=https://api.minecraftservices.com, name=PROD]
[00:23:18] [TAB Processing Thread/INFO]: [TAB] [WARN] Player RjsMc's group (rjsmc) is not in sorting list! Sorting list: owner,admin,mod,helper,builder,vip,default. Player will be sorted on the bottom.
[00:23:18] [Server thread/INFO]: RjsMc[/96.231.192.233:47500] logged in with entity id 13 at ([hub]8.0, 61.0, 8.0)
[00:23:18] [Server thread/INFO]: RjsMc connected to the Network!
[00:23:21] [Server thread/WARN]: Invalid navigation wand tool set in config. Tool will not be assigned: minecraft:air
[00:24:23] [Server thread/INFO]: RjsMc lost connection: Disconnected
[00:24:23] [Server thread/INFO]: RjsMc left the game
[00:24:31] [User Authenticator #1/INFO]: UUID of player RjsMc is 2ab00473-091a-46c1-80e9-d7f1b7f1485c
[00:24:31] [TAB Processing Thread/INFO]: [TAB] [WARN] Player RjsMc's group (rjsmc) is not in sorting list! Sorting list: owner,admin,mod,helper,builder,vip,default. Player will be sorted on the bottom.
[00:24:31] [Server thread/INFO]: RjsMc[/96.231.192.233:55972] logged in with entity id 14 at ([hub]8.0, 61.0, 8.0)
[00:24:31] [Server thread/INFO]: RjsMc connected to the Network!
[00:26:05] [User Authenticator #2/INFO]: UUID of player Epiphonically is 1985f634-5429-4f31-bc3e-1f27b15686c3
[00:26:05] [Server thread/INFO]: Epiphonically[/108.48.188.223:48082] logged in with entity id 15 at ([hub]8.0, 61.0, 8.0)
[00:26:05] [Server thread/INFO]: Epiphonically connected to the Network!
[00:26:15] [Server thread/INFO]: Epiphonically lost connection: Disconnected
[00:26:15] [Server thread/INFO]: Epiphonically left the game
[00:26:26] [Server thread/INFO]: RjsMc lost connection: Disconnected
[00:26:26] [Server thread/INFO]: RjsMc left the game
[00:50:53] [User Authenticator #3/INFO]: UUID of player RjsMc is 2ab00473-091a-46c1-80e9-d7f1b7f1485c
[00:50:53] [TAB Processing Thread/INFO]: [TAB] [WARN] Player RjsMc's group (rjsmc) is not in sorting list! Sorting list: owner,admin,mod,helper,builder,vip,default. Player will be sorted on the bottom.
[00:50:53] [Server thread/INFO]: RjsMc[/96.231.192.233:36256] logged in with entity id 16 at ([hub]8.0, 61.0, 8.0)
[00:50:53] [Server thread/INFO]: RjsMc connected to the Network!
[00:50:55] [Server thread/INFO]: RjsMc lost connection: Disconnected
[00:50:55] [Server thread/INFO]: RjsMc left the game
[01:01:09] [User Authenticator #4/INFO]: UUID of player RjsMc is 2ab00473-091a-46c1-80e9-d7f1b7f1485c
[01:01:09] [TAB Processing Thread/INFO]: [TAB] [WARN] Player RjsMc's group (rjsmc) is not in sorting list! Sorting list: owner,admin,mod,helper,builder,vip,default. Player will be sorted on the bottom.
[01:01:09] [Server thread/INFO]: RjsMc[/96.231.192.233:36470] logged in with entity id 17 at ([hub]8.0, 61.0, 8.0)
[01:01:09] [Server thread/INFO]: RjsMc connected to the Network!
[01:01:17] [User Authenticator #4/INFO]: UUID of player Epiphonically is 1985f634-5429-4f31-bc3e-1f27b15686c3
[01:01:17] [Server thread/INFO]: Epiphonically[/108.48.188.223:37556] logged in with entity id 18 at ([hub]8.0, 61.0, 8.0)
[01:01:17] [Server thread/INFO]: Epiphonically connected to the Network!
[01:03:15] [Server thread/INFO]: Epiphonically lost connection: Disconnected
[01:03:15] [Server thread/INFO]: Epiphonically left the game
[01:06:25] [User Authenticator #5/INFO]: UUID of player Epiphonically is 1985f634-5429-4f31-bc3e-1f27b15686c3
[01:06:25] [Server thread/INFO]: Epiphonically[/108.48.188.223:33134] logged in with entity id 19 at ([hub]8.0, 61.0, 8.0)
[01:06:25] [Server thread/INFO]: Epiphonically connected to the Network!
[01:06:27] [Server thread/INFO]: RjsMc lost connection: Disconnected
[01:06:27] [Server thread/INFO]: RjsMc left the game
[01:06:28] [Server thread/INFO]: Epiphonically lost connection: Disconnected
[01:06:28] [Server thread/INFO]: Epiphonically left the game
[01:30:59] [User Authenticator #6/INFO]: UUID of player RjsMc is 2ab00473-091a-46c1-80e9-d7f1b7f1485c
[01:30:59] [User Authenticator #6/INFO]: UUID of player Epiphonically is 1985f634-5429-4f31-bc3e-1f27b15686c3
[01:30:59] [TAB Processing Thread/INFO]: [TAB] [WARN] Player RjsMc's group (rjsmc) is not in sorting list! Sorting list: owner,admin,mod,helper,builder,vip,default. Player will be sorted on the bottom.
[01:30:59] [Server thread/INFO]: RjsMc[/96.231.192.233:37940] logged in with entity id 20 at ([hub]8.0, 61.0, 8.0)
[01:30:59] [Server thread/INFO]: RjsMc connected to the Network!
[01:30:59] [Server thread/INFO]: Epiphonically[/108.48.188.223:37950] logged in with entity id 21 at ([hub]8.0, 61.0, 8.0)
[01:30:59] [Server thread/INFO]: Epiphonically connected to the Network!
[01:34:50] [Server thread/INFO]: RjsMc lost connection: Disconnected
[01:34:50] [Server thread/INFO]: RjsMc left the game
[01:35:53] [User Authenticator #7/INFO]: UUID of player RjsMc is 2ab00473-091a-46c1-80e9-d7f1b7f1485c
[01:35:53] [TAB Processing Thread/INFO]: [TAB] [WARN] Player RjsMc's group (rjsmc) is not in sorting list! Sorting list: owner,admin,mod,helper,builder,vip,default. Player will be sorted on the bottom.
[01:35:53] [Server thread/INFO]: RjsMc[/96.231.192.233:60426] logged in with entity id 22 at ([hub]8.0, 61.0, 8.0)
[01:35:53] [Server thread/INFO]: RjsMc connected to the Network!
[01:36:16] [Server thread/INFO]: Epiphonically lost connection: Disconnected
[01:36:16] [Server thread/INFO]: Epiphonically left the game
[01:36:17] [User Authenticator #7/INFO]: UUID of player Epiphonically is 1985f634-5429-4f31-bc3e-1f27b15686c3
[01:36:17] [Server thread/INFO]: Epiphonically[/108.48.188.223:49458] logged in with entity id 23 at ([hub]8.0, 61.0, 8.0)
[01:36:17] [Server thread/INFO]: Epiphonically connected to the Network!
[01:36:23] [Server thread/INFO]: Epiphonically lost connection: Disconnected
[01:36:23] [Server thread/INFO]: Epiphonically left the game
[01:37:55] [User Authenticator #8/INFO]: UUID of player Epiphonically is 1985f634-5429-4f31-bc3e-1f27b15686c3
[01:37:55] [Server thread/INFO]: Epiphonically[/108.48.188.223:40856] logged in with entity id 24 at ([hub]8.0, 61.0, 8.0)
[01:37:55] [Server thread/INFO]: Epiphonically connected to the Network!
