[00:23:45] [ServerMain/INFO]: [bootstrap] Running Java 21 (OpenJDK 64-Bit Server VM 21.0.8+9-LTS; Red Hat, Inc. (Red_Hat-21.0.8.0.9-1)) on Linux 5.14.0-621.el9.x86_64 (amd64)
[00:23:45] [ServerMain/INFO]: [bootstrap] Loading Paper 1.21.8-60-main@29c8822 (2025-09-06T21:49:13Z) for Minecraft 1.21.8
[00:23:45] [ServerMain/INFO]: [PluginInitializerManager] Initializing plugins...
[00:23:46] [ServerMain/INFO]: [PluginInitializerManager] Initialized 7 plugins
[00:23:46] [ServerMain/INFO]: [PluginInitializerManager] Bukkit plugins (7):
 - DiscordSRV (1.30.1), Essentials (2.21.2), EssentialsChat (2.21.2), LuckPerms (5.5.17), PlayerCarry (1.1), TAB (5.3.2), Vault (1.7.3-b131)
[00:23:50] [ServerMain/INFO]: Environment: Environment[sessionHost=https://sessionserver.mojang.com, servicesHost=https://api.minecraftservices.com, name=PROD]
[00:23:51] [ServerMain/INFO]: Loaded 1407 recipes
[00:23:51] [ServerMain/INFO]: Loaded 1520 advancements
[00:23:51] [ServerMain/INFO]: [ca.spottedleaf.dataconverter.minecraft.datatypes.MCTypeRegistry] Initialising converters for DataConverter...
[00:23:52] [ServerMain/INFO]: [ca.spottedleaf.dataconverter.minecraft.datatypes.MCTypeRegistry] Finished initialising converters for DataConverter in 324.4ms
[00:23:52] [Server thread/INFO]: Starting minecraft server version 1.21.8
[00:23:52] [Server thread/INFO]: Loading properties
[00:23:52] [Server thread/INFO]: This server is running Paper version 1.21.8-60-main@29c8822 (2025-09-06T21:49:13Z) (Implementing API version 1.21.8-R0.1-SNAPSHOT)
[00:23:52] [Server thread/INFO]: [spark] This server bundles the spark profiler. For more information please visit https://docs.papermc.io/paper/profiling
[00:23:52] [Server thread/INFO]: Server Ping Player Sample Count: 12
[00:23:52] [Server thread/INFO]: Using 4 threads for Netty based IO
[00:23:52] [Server thread/INFO]: [MoonriseCommon] Paper is using 4 worker threads, 1 I/O threads
[00:23:52] [Server thread/INFO]: [ChunkTaskScheduler] Chunk system is using population gen parallelism: true
[00:23:53] [Server thread/INFO]: Default game type: SURVIVAL
[00:23:53] [Server thread/INFO]: Generating keypair
[00:23:53] [Server thread/INFO]: Starting Minecraft server on *:25468
[00:23:53] [Server thread/INFO]: Using epoll channel type
[00:23:53] [Server thread/INFO]: Paper: Using libdeflate (Linux x86_64) compression from Velocity.
[00:23:53] [Server thread/INFO]: Paper: Using OpenSSL 3.x.x (Linux x86_64) cipher from Velocity.
[00:23:53] [Server thread/INFO]: [LuckPerms] Loading server plugin LuckPerms v5.5.17
[00:23:53] [Server thread/INFO]: [LuckPerms] Loading configuration...
[00:23:53] [Server thread/INFO]: [Vault] Loading server plugin Vault v1.7.3-b131
[00:23:53] [Server thread/INFO]: [Essentials] Loading server plugin Essentials v2.21.2
[00:23:53] [Server thread/INFO]: [PlayerCarry] Loading server plugin PlayerCarry v1.1
[00:23:53] [Server thread/INFO]: [TAB] Loading server plugin TAB v5.3.2
[00:23:53] [Server thread/INFO]: [EssentialsChat] Loading server plugin EssentialsChat v2.21.2
[00:23:53] [Server thread/INFO]: [DiscordSRV] Loading server plugin DiscordSRV v1.30.1
[00:23:53] [Server thread/INFO]: Server permissions file permissions.yml is empty, ignoring it
[00:23:54] [Server thread/INFO]: [LuckPerms] Enabling LuckPerms v5.5.17
[00:23:54] [Server thread/INFO]:         __    
[00:23:54] [Server thread/INFO]:   |    |__)   LuckPerms v5.5.17
[00:23:54] [Server thread/INFO]:   |___ |      Running on Bukkit - Paper
[00:23:54] [Server thread/INFO]: 
[00:23:54] [Server thread/INFO]: [LuckPerms] Loading storage provider... [H2]
[00:23:54] [Server thread/INFO]: [LuckPerms] Loading internal permission managers...
[00:23:54] [Server thread/INFO]: [LuckPerms] Performing initial data load...
[00:23:54] [Server thread/INFO]: [LuckPerms] Successfully enabled. (took 974ms)
[00:23:54] [Server thread/INFO]: [Vault] Enabling Vault v1.7.3-b131
[00:23:55] [Server thread/INFO]: [Vault] [Economy] Essentials Economy found: Waiting
[00:23:55] [Server thread/INFO]: [Vault] [Permission] SuperPermissions loaded as backup permission system.
[00:23:55] [Server thread/INFO]: [Vault] Enabled Version 1.7.3-b131
[00:23:55] [Server thread/INFO]: [LuckPerms] Registered Vault permission & chat hook.
[00:23:55] [Server thread/WARN]: **** SERVER IS RUNNING IN OFFLINE/INSECURE MODE!
[00:23:55] [Server thread/WARN]: The server will make no attempt to authenticate usernames. Beware.
[00:23:55] [Server thread/WARN]: Whilst this makes it possible to use Velocity, unless access to your server is properly restricted, it also opens up the ability for hackers to connect with any username they choose.
[00:23:55] [Server thread/WARN]: Please see https://docs.papermc.io/velocity/security for further information.
[00:23:55] [Server thread/WARN]: To change this, set "online-mode" to "true" in the server.properties file.
[00:23:55] [Server thread/INFO]: Preparing level "survival"
[00:23:55] [Server thread/INFO]: Preparing start region for dimension minecraft:overworld
[00:23:55] [Server thread/INFO]: Preparing spawn area: 0%
[00:23:56] [Server thread/INFO]: Preparing spawn area: 2%
[00:23:56] [Server thread/INFO]: Time elapsed: 780 ms
[00:23:56] [Server thread/INFO]: Preparing start region for dimension minecraft:the_nether
[00:23:56] [Server thread/INFO]: Preparing spawn area: 0%
[00:23:56] [Server thread/INFO]: Time elapsed: 84 ms
[00:23:56] [Server thread/INFO]: Preparing start region for dimension minecraft:the_end
[00:23:56] [Server thread/INFO]: Preparing spawn area: 0%
[00:23:56] [Server thread/INFO]: Time elapsed: 69 ms
[00:23:56] [Server thread/INFO]: [Essentials] Enabling Essentials v2.21.2
[00:23:56] [Server thread/INFO]: [Essentials] Attempting to convert old kits in config.yml to new kits.yml
[00:23:56] [Server thread/INFO]: [Essentials] No kits found to migrate.
[00:23:56] [Server thread/INFO]: [Essentials] Selected 1.20.6+ Potion Meta Provider as the provider for PotionMetaProvider
[00:23:56] [Server thread/INFO]: [Essentials] Selected Paper Biome Key Provider as the provider for BiomeKeyProvider
[00:23:56] [Server thread/INFO]: [Essentials] Selected Paper Tick Count Provider as the provider for TickCountProvider
[00:23:56] [Server thread/INFO]: [Essentials] Selected 1.14+ Sign Data Provider as the provider for SignDataProvider
[00:23:56] [Server thread/INFO]: [Essentials] Selected 1.13+ Spawn Egg Provider as the provider for SpawnEggProvider
[00:23:56] [Server thread/INFO]: [Essentials] Selected 1.12+ Spawner Block Provider as the provider for SpawnerBlockProvider
[00:23:56] [Server thread/INFO]: [Essentials] Selected 1.21.4+ Sync Commands Provider as the provider for SyncCommandsProvider
[00:23:56] [Server thread/INFO]: [Essentials] Selected 1.11+ Item Unbreakable Provider as the provider for ItemUnbreakableProvider
[00:23:56] [Server thread/INFO]: [Essentials] Selected Reflection Online Mode Provider as the provider for OnlineModeProvider
[00:23:56] [Server thread/INFO]: [Essentials] Selected Reflection Formatted Command Alias Provider as the provider for FormattedCommandAliasProvider
[00:23:56] [Server thread/INFO]: [Essentials] Selected 1.17.1+ World Info Provider as the provider for WorldInfoProvider
[00:23:56] [Server thread/INFO]: [Essentials] Selected 1.14.4+ Persistent Data Container Provider as the provider for PersistentDataProvider
[00:23:56] [Server thread/INFO]: [Essentials] Selected Paper Serialization Provider as the provider for SerializationProvider
[00:23:56] [Server thread/INFO]: [Essentials] Selected Paper Server State Provider as the provider for ServerStateProvider
[00:23:56] [Server thread/INFO]: [Essentials] Selected Paper Material Tag Provider as the provider for MaterialTagProvider
[00:23:56] [Server thread/INFO]: [Essentials] Selected 1.21+ InventoryView Interface ABI Provider as the provider for InventoryViewProvider
[00:23:56] [Server thread/INFO]: [Essentials] Selected 1.12.2+ Player Locale Provider as the provider for PlayerLocaleProvider
[00:23:56] [Server thread/INFO]: [Essentials] Selected 1.20.5+ Banner Data Provider as the provider for BannerDataProvider
[00:23:56] [Server thread/INFO]: [Essentials] Selected 1.8.3+ Spawner Item Provider as the provider for SpawnerItemProvider
[00:23:56] [Server thread/INFO]: [Essentials] Selected 1.20.4+ Damage Event Provider as the provider for DamageEventProvider
[00:23:56] [Server thread/INFO]: [Essentials] Selected Paper Container Provider as the provider for ContainerProvider
[00:23:56] [Server thread/INFO]: [Essentials] Selected Paper Known Commands Provider as the provider for KnownCommandsProvider
[00:23:56] [Server thread/INFO]: [Essentials] Selected Legacy Biome Name Provider as the provider for BiomeNameProvider
[00:23:57] [Server thread/INFO]: [Essentials] Loaded 43880 items from items.json.
[00:23:57] [Server thread/INFO]: [Essentials] Using locale en_US
[00:23:57] [Server thread/INFO]: [Essentials] ServerListPingEvent: Spigot iterator API
[00:23:57] [Server thread/INFO]: [Essentials] Starting Metrics. Opt-out using the global bStats config.
[00:23:57] [Server thread/INFO]: [Vault] [Economy] Essentials Economy hooked.
[00:23:57] [Server thread/INFO]: [Essentials] Using Vault based permissions (LuckPerms)
[00:23:57] [Server thread/INFO]: [PlayerCarry] Enabling PlayerCarry v1.1
[00:23:57] [Server thread/INFO]: [TAB] Enabling TAB v5.3.2
[00:23:57] [Server thread/INFO]: [TAB] Enabled in 246ms
[00:23:57] [Server thread/INFO]: [EssentialsChat] Enabling EssentialsChat v2.21.2
[00:23:57] [Server thread/INFO]: [EssentialsChat] Starting Metrics. Opt-out using the global bStats config.
[00:23:57] [Server thread/INFO]: [DiscordSRV] Enabling DiscordSRV v1.30.1
[00:23:57] [Server thread/INFO]: [spark] Starting background profiler...
[00:23:58] [Server thread/INFO]: Done preparing level "survival" (3.067s)
[00:23:58] [Server thread/INFO]: Running delayed init tasks
[00:23:58] [Server thread/INFO]: [Essentials] Essentials found a compatible payment resolution method: Vault Compatibility Layer (v1.7.3-b131)!
[00:23:58] [Craft Scheduler Thread - 3 - Essentials/INFO]: [Essentials] Fetching version information...
[00:23:58] [Server thread/INFO]: Done (13.294s)! For help, type "help"
[00:23:58] [Craft Scheduler Thread - 2 - Vault/INFO]: [Vault] Checking for Updates ... 
[00:23:58] [Craft Scheduler Thread - 2 - Vault/INFO]: [Vault] No new version available
[00:23:58] [pool-27-thread-1/WARN]: [DiscordSRV] 

The current build of DiscordSRV is outdated by 10 commits! Get the latest build at your favorite distribution center.

Modrinth: https://modrinth.com/plugin/discordsrv/
Github: https://github.com/DiscordSRV/DiscordSRV/releases/
Direct Download: https://get.discordsrv.com/

[00:23:58] [DiscordSRV - Initialization/INFO]: [DiscordSRV] [JDA] Login Successful!
[00:23:58] [JDA MainWS-ReadThread/INFO]: [DiscordSRV] [JDA] Connected to WebSocket
[00:24:00] [JDA MainWS-ReadThread/INFO]: [DiscordSRV] [JDA] Finished Loading!
[00:24:00] [DiscordSRV - Initialization/INFO]: [DiscordSRV] Console channel ID was invalid, not forwarding console output
[00:24:00] [DiscordSRV - Initialization/INFO]: [DiscordSRV] Enabling Essentials hook
[00:24:00] [DiscordSRV - Initialization/INFO]: [DiscordSRV] Enabling LuckPerms hook
[00:24:00] [DiscordSRV - JDA Callback 0/INFO]: [DiscordSRV] Cleared all pre-existing slash commands in 3/3 guilds (0 cancelled)
[00:24:23] [User Authenticator #0/INFO]: UUID of player RjsMc is 2ab00473-091a-46c1-80e9-d7f1b7f1485c
[00:24:23] [Server thread/INFO]: [HorriblePlayerLoginEventHack] You have plugins listening to the PlayerLoginEvent, this will cause re-configuration APIs to be unavailable: [LuckPerms, DiscordSRV, Essentials]
[00:24:23] [Server thread/INFO]: RjsMc[/96.231.192.233:37958] logged in with entity id 84 at ([survival]0.8651213752979425, 100.0, 25.566496814216784)
[00:24:23] [Server thread/INFO]: RjsMc connected to the SMP!
[00:24:31] [Server thread/INFO]: RjsMc lost connection: Disconnected
[00:24:31] [Server thread/INFO]: RjsMc disconnected.
[00:28:33] [User Authenticator #1/INFO]: UUID of player RjsMc is 2ab00473-091a-46c1-80e9-d7f1b7f1485c
[00:28:33] [Server thread/INFO]: RjsMc[/96.231.192.233:52698] logged in with entity id 271 at ([survival]0.4631142588040149, 100.0, 26.9423005713111)
[00:28:33] [Server thread/INFO]: RjsMc connected to the SMP!
[00:28:42] [Async Chat Thread - #2/INFO]: RjsMc: test
[00:39:45] [Server thread/INFO]: RjsMc was slain by Zombie
[00:50:12] [Server thread/INFO]: RjsMc issued server command: /luckperms
[00:50:13] [Server thread/INFO]: RjsMc issued server command: /luckperms editor
[00:50:17] [Server thread/INFO]: RjsMc issued server command: /op RjsMc
[00:50:17] [Server thread/INFO]: [RjsMc: Made RjsMc a server operator]
[00:50:21] [Server thread/INFO]: RjsMc issued server command: /luckperms editor
[00:50:30] [Server thread/INFO]: RjsMc lost connection: Disconnected
[00:50:30] [Server thread/INFO]: RjsMc disconnected.
[00:56:57] [User Authenticator #2/INFO]: UUID of player RjsMc is 2ab00473-091a-46c1-80e9-d7f1b7f1485c
[00:56:57] [Server thread/INFO]: RjsMc[/96.231.192.233:47380] logged in with entity id 1863 at ([survival]1.7376086578617895, 98.0, 17.69999998807907)
[00:56:57] [Server thread/INFO]: RjsMc connected to the SMP!
[00:59:27] [Server thread/INFO]: RjsMc was slain by Zombie
[00:59:49] [Server thread/INFO]: RjsMc was slain by Zombie
[01:00:25] [Server thread/INFO]: RjsMc was slain by Zombie
[01:00:43] [Server thread/INFO]: RjsMc was slain by Zombie
[01:01:09] [Server thread/INFO]: RjsMc lost connection: Disconnected
[01:01:09] [Server thread/INFO]: RjsMc disconnected.
[01:03:15] [User Authenticator #3/INFO]: UUID of player Epiphonically is 1985f634-5429-4f31-bc3e-1f27b15686c3
[01:03:15] [Server thread/INFO]: Epiphonically[/108.48.188.223:48798] logged in with entity id 2715 at ([survival]-7.5, 86.0, 7.5)
[01:03:15] [Server thread/INFO]: Epiphonically connected to the SMP!
[01:06:24] [Server thread/INFO]: Epiphonically was slain by Zombie
[01:06:24] [Server thread/INFO]: Epiphonically lost connection: Disconnected
[01:06:24] [Server thread/INFO]: Epiphonically disconnected.
